15:42:28 **** Incremental Build of configuration Debug for project Lab4_2uzd ****
make -j12 all 
arm-none-eabi-gcc "../Core/Src/main.c" -mcpu=cortex-m4 -std=gnu11 -g3 -DDEBUG -DUSE_HAL_DRIVER -DSTM32F407xx -c -I../Core/Inc -I../Drivers/STM32F4xx_HAL_Driver/Inc -I../Drivers/STM32F4xx_HAL_Driver/Inc/Legacy -I../Drivers/CMSIS/Device/ST/STM32F4xx/Include -I../Drivers/CMSIS/Include -O0 -ffunction-sections -fdata-sections -Wall -fstack-usage -fcyclomatic-complexity -MMD -MP -MF"Core/Src/main.d" -MT"Core/Src/main.o" --specs=nano.specs -mfpu=fpv4-sp-d16 -mfloat-abi=hard -mthumb -o "Core/Src/main.o"
arm-none-eabi-gcc "../Core/Src/stm32f4xx_it.c" -mcpu=cortex-m4 -std=gnu11 -g3 -DDEBUG -DUSE_HAL_DRIVER -DSTM32F407xx -c -I../Core/Inc -I../Drivers/STM32F4xx_HAL_Driver/Inc -I../Drivers/STM32F4xx_HAL_Driver/Inc/Legacy -I../Drivers/CMSIS/Device/ST/STM32F4xx/Include -I../Drivers/CMSIS/Include -O0 -ffunction-sections -fdata-sections -Wall -fstack-usage -fcyclomatic-complexity -MMD -MP -MF"Core/Src/stm32f4xx_it.d" -MT"Core/Src/stm32f4xx_it.o" --specs=nano.specs -mfpu=fpv4-sp-d16 -mfloat-abi=hard -mthumb -o "Core/Src/stm32f4xx_it.o"
arm-none-eabi-gcc -o "Lab4_2uzd.elf" @"objects.list"   -mcpu=cortex-m4 -T"C:\Users\Povilas\Documents\STM32CubeIDE\workspace_1.14.1\Lab4_2uzd\STM32F407VGTX_FLASH.ld" --specs=nosys.specs -Wl,-Map="Lab4_2uzd.map" -Wl,--gc-sections -static --specs=nano.specs -mfpu=fpv4-sp-d16 -mfloat-abi=hard -mthumb -Wl,--start-group -lc -lm -Wl,--end-group
Finished building target: Lab4_2uzd.elf
 
arm-none-eabi-size  Lab4_2uzd.elf 
arm-none-eabi-objdump -h -S Lab4_2uzd.elf  > "Lab4_2uzd.list"
   text	   data	    bss	    dec	    hex	filename
  12488	     20	   1716	  14224	   3790	Lab4_2uzd.elf
Finished building: default.size.stdout
 
Finished building: Lab4_2uzd.list
 

15:42:29 Build Finished. 0 errors, 0 warnings. (took 1s.32ms)

