10:39:38 **** Incremental Build of configuration Debug for project Lab7 ****
make -j12 all 
arm-none-eabi-gcc "../Core/Src/main.c" -mcpu=cortex-m4 -std=gnu11 -g3 -DDEBUG -DUSE_HAL_DRIVER -DSTM32F407xx -c -I../Core/Inc -I../Drivers/STM32F4xx_HAL_Driver/Inc -I../Drivers/STM32F4xx_HAL_Driver/Inc/Legacy -I../Drivers/CMSIS/Device/ST/STM32F4xx/Include -I../Drivers/CMSIS/Include -O0 -ffunction-sections -fdata-sections -Wall -fstack-usage -fcyclomatic-complexity -MMD -MP -MF"Core/Src/main.d" -MT"Core/Src/main.o" --specs=nano.specs -mfpu=fpv4-sp-d16 -mfloat-abi=hard -mthumb -o "Core/Src/main.o"
../Core/Src/main.c:52:9: warning: built-in function 'index' declared as non-function [-Wbuiltin-declaration-mismatch]
   52 | uint8_t index = 0;
      |         ^~~~~
arm-none-eabi-gcc -o "Lab7.elf" @"objects.list"   -mcpu=cortex-m4 -T"C:\Users\Povilas\Documents\STM32CubeIDE\workspace_1.14.1\Lab7\STM32F407VGTX_FLASH.ld" --specs=nosys.specs -Wl,-Map="Lab7.map" -Wl,--gc-sections -static --specs=nano.specs -mfpu=fpv4-sp-d16 -mfloat-abi=hard -mthumb -Wl,--start-group -lc -lm -Wl,--end-group
Finished building target: Lab7.elf
 
arm-none-eabi-size  Lab7.elf 
arm-none-eabi-objdump -h -S Lab7.elf  > "Lab7.list"
   text	   data	    bss	    dec	    hex	filename
  14528	     28	   1788	  16344	   3fd8	Lab7.elf
Finished building: default.size.stdout
 
Finished building: Lab7.list
 

10:39:39 Build Finished. 0 errors, 1 warnings. (took 809ms)

